// Jest Snapshot v1, https://goo.gl/fbAQLP

exports[`Pruebas a <GifExpertApp/> Toma de snapshot 1`] = `
<div>
  <h1>
    GifExpertApp
  </h1>
  <form
    action=""
    aria-label="form"
  >
    <input
      placeholder="Buscar gifs"
      type="text"
      value=""
    />
  </form>
  <h3>
    Goku
  </h3>
  <h2>
    Cargando...
  </h2>
  <div
    class="card-grid"
  />
</div>
`;
